abstract class AbstractBase {
  abstract fun mustImplement(): String
  open fun overridable(): Unit
  fun concrete(): Int
}
