val lambda: lambda
fun applyTwice(f: (Int) -> Int): Int
fun main()
