object Config {
  val baseUrl: String
  var retryCount: Int
  fun reset()
}
