sealed class Result {
  class Success
  class Failure
  object Loading
}
